components/ErrorBoundary.tsx(16,14): error TS2339: Property 'state' does not exist on type 'ErrorBoundary'.
components/ErrorBoundary.tsx(29,14): error TS2339: Property 'setState' does not exist on type 'ErrorBoundary'.
components/ErrorBoundary.tsx(39,18): error TS2339: Property 'state' does not exist on type 'ErrorBoundary'.
components/ErrorBoundary.tsx(55,39): error TS2339: Property 'state' does not exist on type 'ErrorBoundary'.
components/ErrorBoundary.tsx(57,35): error TS2339: Property 'state' does not exist on type 'ErrorBoundary'.
components/ErrorBoundary.tsx(61,47): error TS2339: Property 'state' does not exist on type 'ErrorBoundary'.
components/ErrorBoundary.tsx(86,21): error TS2339: Property 'props' does not exist on type 'ErrorBoundary'.
